// Jest Snapshot v1, https://goo.gl/fbAQLP

exports[`Tag component renders default variant 1`] = `
<a href="#/components/list?search=foo" class="standard-tag standard-tag--link">
  Foo
</a>
`;
