// Jest Snapshot v1, https://goo.gl/fbAQLP

exports[`TextInput component renders default variant 1`] = `<input class="input-text">`;
